// Jest Snapshot v1, https://goo.gl/fbAQLP

exports[`Renders without crashing 1`] = `undefined`;

exports[`renders without crashing 1`] = `undefined`;
